// Jest Snapshot v1, https://goo.gl/fbAQLP

exports[`<Text /> should render component correcly 1`] = `
<Text
  style={
    [
      {
        "color": "#42494D",
        "fontFamily": "Poppins-Regular",
        "fontSize": 16,
      },
      undefined,
    ]
  }
/>
`;
